// Jest Snapshot v1, https://goo.gl/fbAQLP

exports[`<ExpansionPanel> Snapshots and structure should render correctly 1`] = `
<section
  className="lumx-theme-background-dark-L6 lumx-theme-color-dark-N lumx-expansion-panel lumx-expansion-panel--theme-light lumx-expansion-panel--variant-boxed"
>
  <header
    className="lumx-expansion-panel__header"
    onClick={[Function]}
  >
    <div
      className="lumx-expansion-panel__header-content"
    >
      <span
        className="lumx-expansion-panel__label"
      />
    </div>
    <div
      className="lumx-expansion-panel__header-toggle"
    >
      <IconButton
        color="dark"
        emphasis="low"
        icon="M7.41,8.58L12,13.17L16.59,8.58L18,10L12,16L6,10L7.41,8.58Z"
      />
    </div>
  </header>
</section>
`;
