// Jest Snapshot v1, https://goo.gl/fbAQLP

exports[`<FileAttachmentMultiple> Snapshots and structure should render correctly 1`] = `
<List
  className="lumx-file-attachment-multiple lumx-file-attachment-multiple--theme-light"
>
  <ListItem
    before={
      <Thumbnail
        aspectRatio="square"
        image="https://loremflickr.com/320/240"
        onClick={[Function]}
        role="link"
        size="m"
        tabIndex={0}
        variant="rounded"
      />
    }
    className="lumx-file-attachment-multiple__file"
  >
    <Link
      className="lumx-file-attachment-multiple__link"
      color="blue"
      colorVariant="N"
      href="https://cdn.com/api/pdf/presentation-2020.pdf"
      target="_blank"
    >
      presentation-2020.pdf
    </Link>
  </ListItem>
  <ListDivider
    className="lumx-file-attachment-multiple__divider"
  />
  <ListItem
    before={
      <Icon
        className="lumx-file-attachment-multiple__file-icon"
        color="dark"
        icon="M19,3A2,2 0 0,1 21,5V19A2,2 0 0,1 19,21H5C3.89,21 3,20.1 3,19V5C3,3.89 3.89,3 5,3H19M10.59,10.08C10.57,10.13 10.3,11.84 8.5,14.77C8.5,14.77 5,16.58 5.83,17.94C6.5,19 8.15,17.9 9.56,15.27C9.56,15.27 11.38,14.63 13.79,14.45C13.79,14.45 17.65,16.19 18.17,14.34C18.69,12.5 15.12,12.9 14.5,13.09C14.5,13.09 12.46,11.75 12,9.89C12,9.89 13.13,5.95 11.38,6C9.63,6.05 10.29,9.12 10.59,10.08M11.4,11.13C11.43,11.13 11.87,12.33 13.29,13.58C13.29,13.58 10.96,14.04 9.9,14.5C9.9,14.5 10.9,12.75 11.4,11.13M15.32,13.84C15.9,13.69 17.64,14 17.58,14.32C17.5,14.65 15.32,13.84 15.32,13.84M8.26,15.7C7.73,16.91 6.83,17.68 6.6,17.67C6.37,17.66 7.3,16.07 8.26,15.7M11.4,8.76C11.39,8.71 11.03,6.57 11.4,6.61C11.94,6.67 11.4,8.71 11.4,8.76Z"
        onClick={[Function]}
        role="link"
        size="m"
        tabIndex={0}
        theme="light"
      />
    }
    className="lumx-file-attachment-multiple__file"
  >
    <Link
      className="lumx-file-attachment-multiple__link"
      color="blue"
      colorVariant="N"
      href="https://cdn.com/api/pdf/presentation-2020-2.pdf"
      target="_blank"
    >
      presentation-2020-2.pdf
    </Link>
  </ListItem>
  <ListDivider
    className="lumx-file-attachment-multiple__divider"
  />
  <ListItem
    before={
      <Icon
        className="lumx-file-attachment-multiple__file-icon"
        color="dark"
        icon="M13,9V3.5L18.5,9M6,2C4.89,2 4,2.89 4,4V20A2,2 0 0,0 6,22H18A2,2 0 0,0 20,20V8L14,2H6Z"
        onClick={[Function]}
        role="link"
        size="m"
        tabIndex={0}
        theme="light"
      />
    }
    className="lumx-file-attachment-multiple__file"
  >
    <Link
      className="lumx-file-attachment-multiple__link"
      color="blue"
      colorVariant="N"
      href="https://cdn.com/api/pdf/presentation-2020-3.pdf"
      target="_blank"
    >
      presentation-2020-3.pdf
    </Link>
  </ListItem>
</List>
`;
