// Jest Snapshot v1, https://goo.gl/fbAQLP

exports[`<DatePicker> Snapshots and structure should render correctly 1`] = `
<undefinedControlled
  locale="fr"
  monthOffset={0}
  onChange={[MockFunction]}
  onNextMonthChange={[Function]}
  onPrevMonthChange={[Function]}
  today={"2017-02-14T00:00:00.000Z"}
  value={"2017-02-14T00:00:00.000Z"}
/>
`;
