// Jest Snapshot v1, https://goo.gl/fbAQLP

exports[`<DatePickerControlled> Snapshots and structure should render correctly 1`] = `
<div
  className="lumx-date-picker"
>
  <Toolbar
    after={
      <IconButton
        emphasis="low"
        icon="M8.59,16.58L13.17,12L8.59,7.41L10,6L16,12L10,18L8.59,16.58Z"
        onClick={[MockFunction]}
      />
    }
    before={
      <IconButton
        emphasis="low"
        icon="M15.41,16.58L10.83,12L15.41,7.41L14,6L8,12L14,18L15.41,16.58Z"
        onClick={[MockFunction]}
      />
    }
    className="lumx-date-picker__toolbar"
    label={
      <span
        className="lumx-date-picker__month"
      >
        f√©vrier 2017
      </span>
    }
  />
  <div
    className="lumx-date-picker__calendar"
  >
    <div
      className="lumx-date-picker__week-days lumx-date-picker__days-wrapper"
    >
      <div
        className="lumx-date-picker__day-wrapper"
        key="1486944000"
      >
        <span
          className="lumx-date-picker__week-day"
        >
          L
        </span>
      </div>
      <div
        className="lumx-date-picker__day-wrapper"
        key="1487030400"
      >
        <span
          className="lumx-date-picker__week-day"
        >
          M
        </span>
      </div>
      <div
        className="lumx-date-picker__day-wrapper"
        key="1487116800"
      >
        <span
          className="lumx-date-picker__week-day"
        >
          M
        </span>
      </div>
      <div
        className="lumx-date-picker__day-wrapper"
        key="1487203200"
      >
        <span
          className="lumx-date-picker__week-day"
        >
          J
        </span>
      </div>
      <div
        className="lumx-date-picker__day-wrapper"
        key="1487289600"
      >
        <span
          className="lumx-date-picker__week-day"
        >
          V
        </span>
      </div>
      <div
        className="lumx-date-picker__day-wrapper"
        key="1487376000"
      >
        <span
          className="lumx-date-picker__week-day"
        >
          S
        </span>
      </div>
      <div
        className="lumx-date-picker__day-wrapper"
        key="1487462400"
      >
        <span
          className="lumx-date-picker__week-day"
        >
          D
        </span>
      </div>
    </div>
    <div
      className="lumx-date-picker__month-days lumx-date-picker__days-wrapper"
    >
      <div
        className="lumx-date-picker__day-wrapper"
        key="1485730800"
      />
      <div
        className="lumx-date-picker__day-wrapper"
        key="1485817200"
      />
      <div
        className="lumx-date-picker__day-wrapper"
        key="1485903600"
      >
        <button
          className="lumx-date-picker__month-day"
          disabled={false}
          onClick={[Function]}
        >
          <span>
            01
          </span>
        </button>
      </div>
      <div
        className="lumx-date-picker__day-wrapper"
        key="1485990000"
      >
        <button
          className="lumx-date-picker__month-day"
          disabled={false}
          onClick={[Function]}
        >
          <span>
            02
          </span>
        </button>
      </div>
      <div
        className="lumx-date-picker__day-wrapper"
        key="1486076400"
      >
        <button
          className="lumx-date-picker__month-day"
          disabled={false}
          onClick={[Function]}
        >
          <span>
            03
          </span>
        </button>
      </div>
      <div
        className="lumx-date-picker__day-wrapper"
        key="1486162800"
      >
        <button
          className="lumx-date-picker__month-day"
          disabled={false}
          onClick={[Function]}
        >
          <span>
            04
          </span>
        </button>
      </div>
      <div
        className="lumx-date-picker__day-wrapper"
        key="1486249200"
      >
        <button
          className="lumx-date-picker__month-day"
          disabled={false}
          onClick={[Function]}
        >
          <span>
            05
          </span>
        </button>
      </div>
      <div
        className="lumx-date-picker__day-wrapper"
        key="1486335600"
      >
        <button
          className="lumx-date-picker__month-day"
          disabled={false}
          onClick={[Function]}
        >
          <span>
            06
          </span>
        </button>
      </div>
      <div
        className="lumx-date-picker__day-wrapper"
        key="1486422000"
      >
        <button
          className="lumx-date-picker__month-day"
          disabled={false}
          onClick={[Function]}
        >
          <span>
            07
          </span>
        </button>
      </div>
      <div
        className="lumx-date-picker__day-wrapper"
        key="1486508400"
      >
        <button
          className="lumx-date-picker__month-day"
          disabled={false}
          onClick={[Function]}
        >
          <span>
            08
          </span>
        </button>
      </div>
      <div
        className="lumx-date-picker__day-wrapper"
        key="1486594800"
      >
        <button
          className="lumx-date-picker__month-day"
          disabled={false}
          onClick={[Function]}
        >
          <span>
            09
          </span>
        </button>
      </div>
      <div
        className="lumx-date-picker__day-wrapper"
        key="1486681200"
      >
        <button
          className="lumx-date-picker__month-day"
          disabled={false}
          onClick={[Function]}
        >
          <span>
            10
          </span>
        </button>
      </div>
      <div
        className="lumx-date-picker__day-wrapper"
        key="1486767600"
      >
        <button
          className="lumx-date-picker__month-day"
          disabled={false}
          onClick={[Function]}
        >
          <span>
            11
          </span>
        </button>
      </div>
      <div
        className="lumx-date-picker__day-wrapper"
        key="1486854000"
      >
        <button
          className="lumx-date-picker__month-day"
          disabled={false}
          onClick={[Function]}
        >
          <span>
            12
          </span>
        </button>
      </div>
      <div
        className="lumx-date-picker__day-wrapper"
        key="1486940400"
      >
        <button
          className="lumx-date-picker__month-day"
          disabled={false}
          onClick={[Function]}
        >
          <span>
            13
          </span>
        </button>
      </div>
      <div
        className="lumx-date-picker__day-wrapper"
        key="1487026800"
      >
        <button
          className="lumx-date-picker__month-day lumx-date-picker__month-day--is-today"
          disabled={false}
          onClick={[Function]}
        >
          <span>
            14
          </span>
        </button>
      </div>
      <div
        className="lumx-date-picker__day-wrapper"
        key="1487113200"
      >
        <button
          className="lumx-date-picker__month-day"
          disabled={false}
          onClick={[Function]}
        >
          <span>
            15
          </span>
        </button>
      </div>
      <div
        className="lumx-date-picker__day-wrapper"
        key="1487199600"
      >
        <button
          className="lumx-date-picker__month-day"
          disabled={false}
          onClick={[Function]}
        >
          <span>
            16
          </span>
        </button>
      </div>
      <div
        className="lumx-date-picker__day-wrapper"
        key="1487286000"
      >
        <button
          className="lumx-date-picker__month-day"
          disabled={false}
          onClick={[Function]}
        >
          <span>
            17
          </span>
        </button>
      </div>
      <div
        className="lumx-date-picker__day-wrapper"
        key="1487372400"
      >
        <button
          className="lumx-date-picker__month-day"
          disabled={false}
          onClick={[Function]}
        >
          <span>
            18
          </span>
        </button>
      </div>
      <div
        className="lumx-date-picker__day-wrapper"
        key="1487458800"
      >
        <button
          className="lumx-date-picker__month-day"
          disabled={false}
          onClick={[Function]}
        >
          <span>
            19
          </span>
        </button>
      </div>
      <div
        className="lumx-date-picker__day-wrapper"
        key="1487545200"
      >
        <button
          className="lumx-date-picker__month-day"
          disabled={false}
          onClick={[Function]}
        >
          <span>
            20
          </span>
        </button>
      </div>
      <div
        className="lumx-date-picker__day-wrapper"
        key="1487631600"
      >
        <button
          className="lumx-date-picker__month-day"
          disabled={false}
          onClick={[Function]}
        >
          <span>
            21
          </span>
        </button>
      </div>
      <div
        className="lumx-date-picker__day-wrapper"
        key="1487718000"
      >
        <button
          className="lumx-date-picker__month-day"
          disabled={false}
          onClick={[Function]}
        >
          <span>
            22
          </span>
        </button>
      </div>
      <div
        className="lumx-date-picker__day-wrapper"
        key="1487804400"
      >
        <button
          className="lumx-date-picker__month-day"
          disabled={false}
          onClick={[Function]}
        >
          <span>
            23
          </span>
        </button>
      </div>
      <div
        className="lumx-date-picker__day-wrapper"
        key="1487890800"
      >
        <button
          className="lumx-date-picker__month-day"
          disabled={false}
          onClick={[Function]}
        >
          <span>
            24
          </span>
        </button>
      </div>
      <div
        className="lumx-date-picker__day-wrapper"
        key="1487977200"
      >
        <button
          className="lumx-date-picker__month-day"
          disabled={false}
          onClick={[Function]}
        >
          <span>
            25
          </span>
        </button>
      </div>
      <div
        className="lumx-date-picker__day-wrapper"
        key="1488063600"
      >
        <button
          className="lumx-date-picker__month-day"
          disabled={false}
          onClick={[Function]}
        >
          <span>
            26
          </span>
        </button>
      </div>
    </div>
  </div>
</div>
`;
