// Jest Snapshot v1, https://goo.gl/fbAQLP

exports[`<DatePickerField> Snapshots and structure should render correctly 1`] = `
<Fragment>
  <TextField
    label="DatePickerField"
    onChange={[Function]}
    onClick={[Function]}
    onKeyPress={[Function]}
    readOnly={true}
    textFieldRef={
      Object {
        "current": null,
      }
    }
    value="January 18, 1970"
  />
</Fragment>
`;
