// Jest Snapshot v1, https://goo.gl/fbAQLP

exports[`<Dropdown> Snapshots and structure should render correctly 1`] = `
<Popover
  isVisible={false}
  placement="auto-start"
  popoverRect={
    Object {
      "x": 0,
      "y": 0,
    }
  }
  popoverRef={
    Object {
      "current": null,
    }
  }
>
  <div
    className="lumx-dropdown__menu lumx-dropdown"
    style={
      Object {
        "maxHeight": undefined,
        "minWidth": undefined,
      }
    }
  >
    <div
      className="lumx-dropdown__content"
    >
      <List
        isClickable={true}
        listElementRef={
          Object {
            "current": null,
          }
        }
      >
        <div>
          This is the content of the dropdown
        </div>
      </List>
    </div>
  </div>
</Popover>
`;
